12:38:52 **** Build of configuration Debug for project 1cviceni ****
make -j4 all 
arm-none-eabi-gcc -mcpu=cortex-m0 -g3 -DDEBUG -c -x assembler-with-cpp -MMD -MP -MF"Startup/startup_stm32f030r8tx.d" -MT"Startup/startup_stm32f030r8tx.o" --specs=nano.specs -mfloat-abi=soft -mthumb -o "Startup/startup_stm32f030r8tx.o" "../Startup/startup_stm32f030r8tx.s"
arm-none-eabi-gcc "../Src/main.c" -mcpu=cortex-m0 -std=gnu11 -g3 -DDEBUG -DSTM32F030x8 -DSTM32F030R8Tx -DSTM32 -DSTM32F0 -DNUCLEO_F030R8 -c -I../Inc -I"C:/Temp/221344/MPC-MKS/1cviceni/Device/ST/STM32F0xx/Include" -I"C:/Temp/221344/MPC-MKS/1cviceni/Include" -O0 -ffunction-sections -fdata-sections -Wall -fstack-usage -MMD -MP -MF"Src/main.d" -MT"Src/main.o" --specs=nano.specs -mfloat-abi=soft -mthumb -o "Src/main.o"
arm-none-eabi-gcc "../Src/syscalls.c" -mcpu=cortex-m0 -std=gnu11 -g3 -DDEBUG -DSTM32F030x8 -DSTM32F030R8Tx -DSTM32 -DSTM32F0 -DNUCLEO_F030R8 -c -I../Inc -I"C:/Temp/221344/MPC-MKS/1cviceni/Device/ST/STM32F0xx/Include" -I"C:/Temp/221344/MPC-MKS/1cviceni/Include" -O0 -ffunction-sections -fdata-sections -Wall -fstack-usage -MMD -MP -MF"Src/syscalls.d" -MT"Src/syscalls.o" --specs=nano.specs -mfloat-abi=soft -mthumb -o "Src/syscalls.o"
arm-none-eabi-gcc "../Src/sysmem.c" -mcpu=cortex-m0 -std=gnu11 -g3 -DDEBUG -DSTM32F030x8 -DSTM32F030R8Tx -DSTM32 -DSTM32F0 -DNUCLEO_F030R8 -c -I../Inc -I"C:/Temp/221344/MPC-MKS/1cviceni/Device/ST/STM32F0xx/Include" -I"C:/Temp/221344/MPC-MKS/1cviceni/Include" -O0 -ffunction-sections -fdata-sections -Wall -fstack-usage -MMD -MP -MF"Src/sysmem.d" -MT"Src/sysmem.o" --specs=nano.specs -mfloat-abi=soft -mthumb -o "Src/sysmem.o"
arm-none-eabi-gcc "../Src/system_stm32f0xx.c" -mcpu=cortex-m0 -std=gnu11 -g3 -DDEBUG -DSTM32F030x8 -DSTM32F030R8Tx -DSTM32 -DSTM32F0 -DNUCLEO_F030R8 -c -I../Inc -I"C:/Temp/221344/MPC-MKS/1cviceni/Device/ST/STM32F0xx/Include" -I"C:/Temp/221344/MPC-MKS/1cviceni/Include" -O0 -ffunction-sections -fdata-sections -Wall -fstack-usage -MMD -MP -MF"Src/system_stm32f0xx.d" -MT"Src/system_stm32f0xx.o" --specs=nano.specs -mfloat-abi=soft -mthumb -o "Src/system_stm32f0xx.o"
arm-none-eabi-gcc -o "1cviceni.elf" @"objects.list"   -mcpu=cortex-m0 -T"C:\Temp\221344\MPC-MKS\1cviceni\STM32F030R8TX_FLASH.ld" --specs=nosys.specs -Wl,-Map="1cviceni.map" -Wl,--gc-sections -static --specs=nano.specs -mfloat-abi=soft -mthumb -Wl,--start-group -lc -lm -Wl,--end-group
Finished building target: 1cviceni.elf
 
arm-none-eabi-size   1cviceni.elf 
arm-none-eabi-objdump -h -S  1cviceni.elf  > "1cviceni.list"
   text	   data	    bss	    dec	    hex	filename
    588	      8	   1568	   2164	    874	1cviceni.elf
Finished building: default.size.stdout
 
Finished building: 1cviceni.list
 
12:39:57 **** Incremental Build of configuration Debug for project 1cviceni ****
make -j4 all 
arm-none-eabi-size   1cviceni.elf 
   text	   data	    bss	    dec	    hex	filename
    588	      8	   1568	   2164	    874	1cviceni.elf
Finished building: default.size.stdout
 
12:41:26 **** Incremental Build of configuration Debug for project 1cviceni ****
make -j4 all 
arm-none-eabi-size   1cviceni.elf 
   text	   data	    bss	    dec	    hex	filename
    588	      8	   1568	   2164	    874	1cviceni.elf
Finished building: default.size.stdout
 
